line 37 at column 13: trying to set form action to undefined controller
